Microchip MPLAB XC8 Compiler V2.32

Linker command line:

-W-3 --edf=C:\Program Files\Microchip\xc8\v2.32\pic\dat\en_msgs.txt -cn \
  -h+dist/default/production\ControladorProporcional.X.production.sym \
  --cmf=dist/default/production\ControladorProporcional.X.production.cmf -z \
  -Q16F877A -oC:\Users\leoba\AppData\Local\Temp\xcAsec4.4 \
  --defsym=__MPLAB_BUILD=1 \
  -Mdist/default/production/ControladorProporcional.X.production.map -E1 \
  -ver=XC8 Compiler --acfsm=1493 -ASTACK=0110h-016Fh -pstack=STACK \
  -ACODE=00h-07FFhx4 -ASTRCODE=00h-01FFFh -ASTRING=00h-0FFhx32 \
  -ACONST=00h-0FFhx32 -AENTRY=00h-0FFhx32 -ACOMMON=070h-07Fh \
  -ABANK0=020h-06Fh -ABANK1=0A0h-0EFh -ABANK2=0110h-016Fh \
  -ABANK3=0190h-01EFh -ARAM=020h-06Fh,0A0h-0EFh,0110h-016Fh,0190h-01EFh \
  -AABS1=020h-07Fh,0A0h-0EFh,0110h-016Fh,0190h-01EFh -ASFR0=00h-01Fh \
  -ASFR1=080h-09Fh -ASFR2=0100h-010Fh -ASFR3=0180h-018Fh \
  -ACONFIG=02007h-02007h -DCONFIG=2 -AIDLOC=02000h-02003h -DIDLOC=2 \
  -AEEDATA=00h-0FFh/02100h -peeprom_data=EEDATA -DEEDATA=2 -DCODE=2 \
  -DSTRCODE=2 -DSTRING=2 -DCONST=2 -DENTRY=2 \
  -preset_vec=00h,intentry,init,end_init -ppowerup=CODE -pcinit=CODE \
  -pfunctab=ENTRY -k C:\Users\leoba\AppData\Local\Temp\xcAsec4.o \
  dist/default/production\ControladorProporcional.X.production.o 

Object code version is 3.11

Machine type is 16F877A



                Name                               Link     Load   Length Selector   Space Scale
C:\Users\leoba\AppData\Local\Temp\xcAsec4.o
                end_init                              0        0        3        0       0
                config                             2007     2007        1        0       4
dist/default/production\ControladorProporcional.X.production.o
                cinit                               7D8      7D8       28      FB0       0
                config                             2007     2007        1        0       4
                text28                              94E      94E        9     129C       0
                text27                              A49      A49       34     1492       0
                text26                              CE1      CE1       9D     19C2       0
                text25                              AB3      AB3       37     1566       0
                text24                              29A      29A      1DD      534       0
                text23                              A22      A22       27     1444       0
                text22                              477      477      361      8EE       0
                text21                              C65      C65       7C     18CA       0
                text20                              D7E      D7E       BC     1AFC       0
                text19                              E3A      E3A       C8     1C74       0
                text18                              957      957        9     12AE       0
                text17                               11       11       C8       22       0
                text16                                6        6        B        C       0
                text15                              BFE      BFE       67     17FC       0
                text14                              9FD      9FD       25     13FA       0
                text13                              B65      B65       44     16CA       0
                text12                              AEA      AEA       3A     15D4       0
                text11                              F02      F02       FE     1E04       0
                text10                              948      948        6     1290       0
                text9                               960      960       10     12C0       0
                text8                               970      970       10     12E0       0
                text7                               9B7      9B7       22     136E       0
                text6                               980      980       1B     1300       0
                text5                               B24      B24       41     1648       0
                text4                               BA9      BA9       55     1752       0
                text3                               99B      99B       1C     1336       0
                text2                               A7D      A7D       36     14FA       0
                text1                               9D9      9D9       24     13B2       0
                maintext                             D9       D9      1C1      1B2       0
                cstackBANK0                          20       20       50       20       1
                cstackCOMMON                         70       70        E       70       1
                cstackBANK1                          A0       A0       14       A0       1
                dataBANK1                            BE       BE        4       A0       1
                bssBANK1                             B4       B4        A       A0       1
                nvBANK1                              C2       C2        2       A0       1
                strings                             800      800       30     1000       0
                idataBANK1                          944      944        4     1288       0

TOTAL           Name                               Link     Load   Length     Space
        CLASS   STACK          

        CLASS   CODE           
                end_init                              0        0        3         0
                cinit                               7D8      7D8       28         0
                text28                              94E      94E        9         0
                text27                              A49      A49       34         0
                text26                              CE1      CE1       9D         0
                text25                              AB3      AB3       37         0
                text24                              29A      29A      1DD         0
                text23                              A22      A22       27         0
                text22                              477      477      361         0
                text21                              C65      C65       7C         0
                text20                              D7E      D7E       BC         0
                text19                              E3A      E3A       C8         0
                text18                              957      957        9         0
                text17                               11       11       C8         0
                text16                                6        6        B         0
                text15                              BFE      BFE       67         0
                text14                              9FD      9FD       25         0
                text13                              B65      B65       44         0
                text12                              AEA      AEA       3A         0
                text11                              F02      F02       FE         0
                text10                              948      948        6         0
                text9                               960      960       10         0
                text8                               970      970       10         0
                text7                               9B7      9B7       22         0
                text6                               980      980       1B         0
                text5                               B24      B24       41         0
                text4                               BA9      BA9       55         0
                text3                               99B      99B       1C         0
                text2                               A7D      A7D       36         0
                text1                               9D9      9D9       24         0
                maintext                             D9       D9      1C1         0
                idataBANK1                          944      944        4         0

        CLASS   STRCODE        

        CLASS   STRING         
                strings                             800      800       30         0

        CLASS   CONST          

        CLASS   ENTRY          

        CLASS   COMMON         
                cstackCOMMON                         70       70        E         1

        CLASS   BANK0          
                cstackBANK0                          20       20       50         1

        CLASS   BANK1          
                cstackBANK1                          A0       A0       14         1
                dataBANK1                            BE       BE        4         1
                bssBANK1                             B4       B4        A         1
                nvBANK1                              C2       C2        2         1

        CLASS   BANK2          

        CLASS   BANK3          

        CLASS   RAM            

        CLASS   ABS1           
                abs_s1                               7E       7E        2         1

        CLASS   SFR0           

        CLASS   SFR1           

        CLASS   SFR2           

        CLASS   SFR3           

        CLASS   CONFIG         
                config                             2007     2007        1         4

        CLASS   IDLOC          

        CLASS   EEDATA         



SEGMENTS        Name                           Load    Length   Top    Selector   Space  Class     Delta

                reset_vec                      000000  000003  000003         0       0  CODE        2
                text16                         000006  00000B  000011         C       0  CODE        2
                cstackBANK0                    000020  000050  000070        20       1  BANK0       1
                text17                         000011  0000C8  0000D9        22       0  CODE        2
                cstackCOMMON                   000070  00000E  00007E        70       1  COMMON      1
                cstackBANK1                    0000A0  000024  0000C4        A0       1  BANK1       1
                maintext                       0000D9  0001C1  00029A       1B2       0  CODE        2
                text24                         00029A  0001DD  000477       534       0  CODE        2
                text22                         000477  000361  0007D8       8EE       0  CODE        2
                cinit                          0007D8  000028  000800       FB0       0  CODE        2
                strings                        000800  000030  000830      1000       0  STRING      2
                idataBANK1                     000944  000004  000948      1288       0  CODE        2
                text10                         000948  000006  00094E      1290       0  CODE        2
                text28                         00094E  000009  000957      129C       0  CODE        2
                text18                         000957  000009  000960      12AE       0  CODE        2
                text9                          000960  000010  000970      12C0       0  CODE        2
                text8                          000970  000010  000980      12E0       0  CODE        2
                text6                          000980  00001B  00099B      1300       0  CODE        2
                text3                          00099B  00001C  0009B7      1336       0  CODE        2
                text7                          0009B7  000022  0009D9      136E       0  CODE        2
                text1                          0009D9  000024  0009FD      13B2       0  CODE        2
                text14                         0009FD  000025  000A22      13FA       0  CODE        2
                text23                         000A22  000027  000A49      1444       0  CODE        2
                text27                         000A49  000034  000A7D      1492       0  CODE        2
                text2                          000A7D  000036  000AB3      14FA       0  CODE        2
                text25                         000AB3  000037  000AEA      1566       0  CODE        2
                text12                         000AEA  00003A  000B24      15D4       0  CODE        2
                text5                          000B24  000041  000B65      1648       0  CODE        2
                text13                         000B65  000044  000BA9      16CA       0  CODE        2
                text4                          000BA9  000055  000BFE      1752       0  CODE        2
                text15                         000BFE  000067  000C65      17FC       0  CODE        2
                text21                         000C65  00007C  000CE1      18CA       0  CODE        2
                text26                         000CE1  00009D  000D7E      19C2       0  CODE        2
                text20                         000D7E  0000BC  000E3A      1AFC       0  CODE        2
                text19                         000E3A  0000C8  000F02      1C74       0  CODE        2
                text11                         000F02  0000FE  001000      1E04       0  CODE        2


UNUSED ADDRESS RANGES

        Name                Unused          Largest block    Delta
        BANK1            00C4-00EF             2C           1
        BANK2            0110-016F             60           1
        BANK3            0190-01EF             60           1
        CODE             0003-0005              3           2
                         0830-0943            114
                         1000-1FFF            800
        CONST            0003-0005              3           2
                         0830-0943             D0
                         1000-1FFF            100
        EEDATA           2100-21FF            100           2
        ENTRY            0003-0005              3           2
                         0830-0943             D0
                         1000-1FFF            100
        IDLOC            2000-2003              4           2
        RAM              00C4-00EF             2C           1
                         0110-016F             60
                         0190-01EF             60
        SFR0             0000-001F             20           1
        SFR1             0080-009F             20           1
        SFR2             0100-010F             10           1
        SFR3             0180-018F             10           1
        STACK            0110-016F             60           1
        STRCODE          0003-0005              3           2
                         0830-0943            114
                         1000-1FFF           1000
        STRING           0003-0005              3           2
                         0830-0943             D0
                         1000-1FFF            100

                                  Symbol Table

?_ADC_Read                     cstackCOMMON 0070
?__Umul8_16                    cstackCOMMON 0070
?___aldiv                      cstackCOMMON 0070
?___awdiv                      cstackCOMMON 0070
?___fldiv                      cstackBANK0  003C
?___flmul                      cstackBANK0  0056
?___fltol                      cstackBANK0  0026
?___lwdiv                      cstackCOMMON 0076
?___lwmod                      cstackCOMMON 0070
?___wmul                       cstackCOMMON 0075
?___xxtofl                     cstackBANK0  002E
?_controleMaximoMinimo         cstackBANK0  002C
ADC_Read@channel               cstackCOMMON 0074
PWM1_Duty@duty                 cstackBANK1  00A0
PWM1_Duty@freq                 cstackBANK1  00A2
PWM2_Duty@duty                 cstackBANK1  00A0
PWM2_Duty@freq                 cstackBANK1  00A2
PWM_Init@freq                  cstackBANK0  0026
_ADCON0                        (abs)        001F
_ADCON1                        (abs)        009F
_ADC_Init                      text28       094E
_ADC_Read                      text27       0A49
_ADRESH                        (abs)        001E
_ADRESL                        (abs)        009E
_CCP1M2                        (abs)        00BA
_CCP1M3                        (abs)        00BB
_CCP1X                         (abs)        00BD
_CCP1Y                         (abs)        00BC
_CCP2M2                        (abs)        00EA
_CCP2M3                        (abs)        00EB
_CCP2X                         (abs)        00ED
_CCP2Y                         (abs)        00EC
_CCPR1L                        (abs)        0015
_CCPR2L                        (abs)        001B
_GO_nDONE                      (abs)        00FA
_PORTD                         (abs)        0008
_PORTEbits                     (abs)        0009
_PR2                           (abs)        0092
_PWM1_Duty                     text19       0E3A
_PWM1_Start                    text18       0957
_PWM2_Duty                     text17       0011
_PWM2_Start                    text16       0006
_PWM_Init                      text25       0AB3
_RB0                           (abs)        0030
_RB1                           (abs)        0031
_RB2                           (abs)        0032
_RB3                           (abs)        0033
_RB4                           (abs)        0034
_RB5                           (abs)        0035
_RB6                           (abs)        0036
_RB7                           (abs)        0037
_S4Anterior                    bssBANK1     00BD
_S4Atual                       bssBANK1     00BC
_T2CKPS0                       (abs)        0090
_T2CKPS1                       (abs)        0091
_TMR2ON                        (abs)        0092
_TRISA                         (abs)        0085
_TRISB                         (abs)        0086
_TRISC                         (abs)        0087
_TRISC1                        (abs)        0439
_TRISC2                        (abs)        043A
_TRISD                         (abs)        0088
_TRISE                         (abs)        0089
__Habs1                        abs1         0000
__Hbank0                       bank0        0000
__Hbank1                       bank1        0000
__Hbank2                       bank2        0000
__Hbank3                       bank3        0000
__HbssBANK1                    bssBANK1     0000
__Hcinit                       cinit        0800
__Hclrtext                     clrtext      0000
__Hcode                        code         0000
__Hcommon                      common       0000
__Hconfig                      config       2008
__HcstackBANK0                 cstackBANK0  0000
__HcstackBANK1                 cstackBANK1  0000
__HcstackCOMMON                cstackCOMMON 0000
__HdataBANK1                   dataBANK1    0000
__Heeprom_data                 eeprom_data  0000
__Hend_init                    end_init     0003
__Hfunctab                     functab      0000
__HidataBANK1                  idataBANK1   0000
__Hinit                        init         0000
__Hintentry                    intentry     0000
__Hmaintext                    maintext     0000
__HnvBANK1                     nvBANK1      0000
__Hpowerup                     powerup      0000
__Hram                         ram          0000
__Hreset_vec                   reset_vec    0000
__Hsfr0                        sfr0         0000
__Hsfr1                        sfr1         0000
__Hsfr2                        sfr2         0000
__Hsfr3                        sfr3         0000
__Hspace_0                     (abs)        1000
__Hspace_1                     (abs)        00C4
__Hspace_2                     (abs)        0000
__Hspace_3                     (abs)        0000
__Hspace_4                     (abs)        400F
__Hstack                       stack        0000
__Hstrings                     strings      0000
__Htext                        text         0000
__Labs1                        abs1         0000
__Lbank0                       bank0        0000
__Lbank1                       bank1        0000
__Lbank2                       bank2        0000
__Lbank3                       bank3        0000
__LbssBANK1                    bssBANK1     0000
__Lcinit                       cinit        07D8
__Lclrtext                     clrtext      0000
__Lcode                        code         0000
__Lcommon                      common       0000
__Lconfig                      config       0000
__LcstackBANK0                 cstackBANK0  0000
__LcstackBANK1                 cstackBANK1  0000
__LcstackCOMMON                cstackCOMMON 0000
__LdataBANK1                   dataBANK1    0000
__Leeprom_data                 eeprom_data  0000
__Lend_init                    end_init     0000
__Lfunctab                     functab      0000
__LidataBANK1                  idataBANK1   0000
__Linit                        init         0000
__Lintentry                    intentry     0000
__Lmaintext                    maintext     0000
__LnvBANK1                     nvBANK1      0000
__Lpowerup                     powerup      0000
__Lram                         ram          0000
__Lreset_vec                   reset_vec    0000
__Lsfr0                        sfr0         0000
__Lsfr1                        sfr1         0000
__Lsfr2                        sfr2         0000
__Lsfr3                        sfr3         0000
__Lspace_0                     (abs)        0000
__Lspace_1                     (abs)        0000
__Lspace_2                     (abs)        0000
__Lspace_3                     (abs)        0000
__Lspace_4                     (abs)        0000
__Lstack                       stack        0000
__Lstrings                     strings      0000
__Ltext                        text         0000
__S0                           (abs)        1000
__S1                           (abs)        00C4
__S2                           (abs)        0000
__S3                           (abs)        0000
__Umul8_16                     text23       0A22
__Umul8_16@multiplicand        cstackCOMMON 0070
__Umul8_16@multiplier          cstackCOMMON 0078
__Umul8_16@product             cstackCOMMON 0074
__Umul8_16@word_mpld           cstackCOMMON 0076
___aldiv                       text26       0CE1
___aldiv@counter               cstackBANK0  0020
___aldiv@dividend              cstackCOMMON 0074
___aldiv@divisor               cstackCOMMON 0070
___aldiv@quotient              cstackBANK0  0022
___aldiv@sign                  cstackBANK0  0021
___awdiv                       text15       0BFE
___awdiv@counter               cstackCOMMON 0075
___awdiv@dividend              cstackCOMMON 0072
___awdiv@divisor               cstackCOMMON 0070
___awdiv@quotient              cstackCOMMON 0077
___awdiv@sign                  cstackCOMMON 0076
___fldiv                       text24       029A
___fldiv@a                     cstackBANK0  003C
___fldiv@aexp                  cstackBANK0  0055
___fldiv@b                     cstackBANK0  0040
___fldiv@bexp                  cstackBANK0  0054
___fldiv@grs                   cstackBANK0  0050
___fldiv@new_exp               cstackBANK0  004E
___fldiv@rem                   cstackBANK0  0049
___fldiv@sign                  cstackBANK0  004D
___flmul                       text22       0477
___flmul@a                     cstackBANK0  005A
___flmul@aexp                  cstackBANK0  0068
___flmul@b                     cstackBANK0  0056
___flmul@bexp                  cstackBANK0  0069
___flmul@grs                   cstackBANK0  0064
___flmul@prod                  cstackBANK0  006A
___flmul@sign                  cstackBANK0  0063
___flmul@temp                  cstackBANK0  006E
___fltol                       text21       0C65
___fltol@exp1                  cstackBANK0  002B
___fltol@f1                    cstackBANK0  0026
___fltol@sign1                 cstackBANK0  002A
___int_sp                      stack        0000
___latbits                     (abs)        0002
___lwdiv                       text13       0B65
___lwdiv@counter               cstackCOMMON 007D
___lwdiv@dividend              cstackCOMMON 0078
___lwdiv@divisor               cstackCOMMON 0076
___lwdiv@quotient              cstackCOMMON 007B
___lwmod                       text12       0AEA
___lwmod@counter               cstackCOMMON 0075
___lwmod@dividend              cstackCOMMON 0072
___lwmod@divisor               cstackCOMMON 0070
___sp                          stack        0000
___stackhi                     (abs)        0000
___stacklo                     (abs)        0000
___wmul                        text14       09FD
___wmul@multiplicand           cstackCOMMON 0077
___wmul@multiplier             cstackCOMMON 0075
___wmul@product                cstackCOMMON 0079
___xxtofl                      text20       0D7E
___xxtofl@arg                  cstackBANK0  0038
___xxtofl@exp                  cstackBANK0  0037
___xxtofl@sign                 cstackBANK0  0036
___xxtofl@val                  cstackBANK0  002E
__end_of_ADC_Init              text28       0957
__end_of_ADC_Read              text27       0A7D
__end_of_PWM1_Duty             text19       0F02
__end_of_PWM1_Start            text18       0960
__end_of_PWM2_Duty             text17       00D9
__end_of_PWM2_Start            text16       0011
__end_of_PWM_Init              text25       0AEA
__end_of__Umul8_16             text23       0A49
__end_of___aldiv               text26       0D7E
__end_of___awdiv               text15       0C65
__end_of___fldiv               text24       0477
__end_of___flmul               text22       07D8
__end_of___fltol               text21       0CE1
__end_of___lwdiv               text13       0BA9
__end_of___lwmod               text12       0B24
__end_of___wmul                text14       0A22
__end_of___xxtofl              text20       0E3A
__end_of__initialization       cinit        07FC
__end_of__stringtab            strings      0806
__end_of_atualizaDisplay       text11       1000
__end_of_controlarLcd          text5        0B65
__end_of_controlarSetPoint     text4        0BFE
__end_of_controleMaximoMinimo  text3        09B7
__end_of_digito                strings      0810
__end_of_escrever              text6        099B
__end_of_iniciarLcd            text1        09FD
__end_of_lcd_cmd               text9        0970
__end_of_lcd_dat               text8        0980
__end_of_lcd_init              text2        0AB3
__end_of_lcd_str               text7        09D9
__end_of_lcd_wr                text10       094E
__end_of_main                  maintext     029A
__initialization               cinit        07D8
__pbssBANK1                    bssBANK1     00B4
__pcstackBANK0                 cstackBANK0  0020
__pcstackBANK1                 cstackBANK1  00A0
__pcstackCOMMON                cstackCOMMON 0070
__pdataBANK1                   dataBANK1    00BE
__pidataBANK1                  idataBANK1   0944
__pmaintext                    maintext     00D9
__pnvBANK1                     nvBANK1      00C2
__pstrings                     strings      0800
__ptext1                       text1        09D9
__ptext10                      text10       0948
__ptext11                      text11       0F02
__ptext12                      text12       0AEA
__ptext13                      text13       0B65
__ptext14                      text14       09FD
__ptext15                      text15       0BFE
__ptext16                      text16       0006
__ptext17                      text17       0011
__ptext18                      text18       0957
__ptext19                      text19       0E3A
__ptext2                       text2        0A7D
__ptext20                      text20       0D7E
__ptext21                      text21       0C65
__ptext22                      text22       0477
__ptext23                      text23       0A22
__ptext24                      text24       029A
__ptext25                      text25       0AB3
__ptext26                      text26       0CE1
__ptext27                      text27       0A49
__ptext28                      text28       094E
__ptext3                       text3        099B
__ptext4                       text4        0BA9
__ptext5                       text5        0B24
__ptext6                       text6        0980
__ptext7                       text7        09B7
__ptext8                       text8        0970
__ptext9                       text9        0960
__size_of_ADC_Init             (abs)        0000
__size_of_ADC_Read             (abs)        0000
__size_of_PWM1_Duty            (abs)        0000
__size_of_PWM1_Start           (abs)        0000
__size_of_PWM2_Duty            (abs)        0000
__size_of_PWM2_Start           (abs)        0000
__size_of_PWM_Init             (abs)        0000
__size_of__Umul8_16            (abs)        0000
__size_of___aldiv              (abs)        0000
__size_of___awdiv              (abs)        0000
__size_of___fldiv              (abs)        0000
__size_of___flmul              (abs)        0000
__size_of___fltol              (abs)        0000
__size_of___lwdiv              (abs)        0000
__size_of___lwmod              (abs)        0000
__size_of___wmul               (abs)        0000
__size_of___xxtofl             (abs)        0000
__size_of_atualizaDisplay      (abs)        0000
__size_of_controlarLcd         (abs)        0000
__size_of_controlarSetPoint    (abs)        0000
__size_of_controleMaximoMinimo (abs)        0000
__size_of_escrever             (abs)        0000
__size_of_iniciarLcd           (abs)        0000
__size_of_lcd_cmd              (abs)        0000
__size_of_lcd_dat              (abs)        0000
__size_of_lcd_init             (abs)        0000
__size_of_lcd_str              (abs)        0000
__size_of_lcd_wr               (abs)        0000
__size_of_main                 (abs)        0000
__stringbase                   strings      0805
__stringtab                    strings      0800
_atualizaDisplay               text11       0F02
_atualizaDisplay$820           cstackBANK0  002E
_atualizaDisplay$821           cstackBANK0  002C
_controlarLcd                  text5        0B24
_controlarSetPoint             text4        0BA9
_controleMaximoMinimo          text3        099B
_digito                        strings      0806
_escrever                      text6        0980
_iniciarLcd                    text1        09D9
_lcd_cmd                       text9        0960
_lcd_dat                       text8        0970
_lcd_init                      text2        0A7D
_lcd_str                       text7        09B7
_lcd_wr                        text10       0948
_main                          maintext     00D9
_main$822                      cstackBANK1  00AC
_menu                          nvBANK1      00C2
_setPoint                      dataBANK1    00C0
_temperatura                   bssBANK1     00B4
atualizaDisplay@centena        cstackBANK0  0026
atualizaDisplay@dezena         cstackBANK0  0028
atualizaDisplay@milhar         cstackBANK0  0024
atualizaDisplay@tempSet        cstackBANK0  0020
atualizaDisplay@unidade        cstackBANK0  002A
btemp                          (abs)        007E
controlarSetPoint@S1Anterior   bssBANK1     00BB
controlarSetPoint@S1Atual      bssBANK1     00BA
controlarSetPoint@S2Anterior   bssBANK1     00B9
controlarSetPoint@S2Atual      bssBANK1     00B8
controlarSetPoint@S3Anterior   bssBANK1     00B7
controlarSetPoint@S3Atual      bssBANK1     00B6
controleMaximoMinimo@valor     cstackBANK0  002C
end_of_initialization          cinit        07FC
escrever@linha                 cstackCOMMON 0075
escrever@texto                 cstackCOMMON 0077
intlevel0                      functab      0000
intlevel1                      functab      0000
intlevel2                      functab      0000
intlevel3                      functab      0000
intlevel4                      functab      0000
intlevel5                      functab      0000
lcd_cmd@val                    cstackCOMMON 0071
lcd_dat@val                    cstackCOMMON 0071
lcd_str@i                      cstackCOMMON 0073
lcd_str@str                    cstackCOMMON 0074
lcd_wr@val                     cstackCOMMON 0070
main@cooler                    cstackBANK1  00B2
main@erro                      cstackBANK1  00A8
main@up                        cstackBANK1  00AE
reset_vec                      reset_vec    0000
start                          init         0000
start_initialization           cinit        07D8
wtemp0                         (abs)        007E


MODULE INFORMATION

Module		Function		Class		Link	Load	Size
C:\Program Files\Microchip\xc8\v2.32\pic\sources\c90\common\xxtofl.c
		___xxtofl      		CODE           	0D7E	0000	188

C:\Program Files\Microchip\xc8\v2.32\pic\sources\c90\common\xxtofl.c estimated size: 188

C:\Program Files\Microchip\xc8\v2.32\pic\sources\c90\common\Umul8_16.c
		__Umul8_16     		CODE           	0A22	0000	39

C:\Program Files\Microchip\xc8\v2.32\pic\sources\c90\common\Umul8_16.c estimated size: 39

adc.c
		_ADC_Read      		CODE           	0A49	0000	52
		_ADC_Init      		CODE           	094E	0000	9

adc.c estimated size: 61

C:\Program Files\Microchip\xc8\v2.32\pic\sources\c90\common\lwmod.c
		___lwmod       		CODE           	0AEA	0000	58

C:\Program Files\Microchip\xc8\v2.32\pic\sources\c90\common\lwmod.c estimated size: 58

PWM.c
		_PWM1_Start    		CODE           	0957	0000	9
		_PWM2_Start    		CODE           	0006	0000	11
		_PWM1_Duty     		CODE           	0E3A	0000	200
		_PWM2_Duty     		CODE           	0011	0000	200
		_PWM_Init      		CODE           	0AB3	0000	55

PWM.c estimated size: 475

shared
		__stringtab    		STRING         	0800	0000	6
		__initialization		CODE           	07D8	0000	36
		_digito        		STRING         	0806	0000	10

shared estimated size: 52

C:\Program Files\Microchip\xc8\v2.32\pic\sources\c90\common\sprcmul.c
		___flmul       		CODE           	0477	0000	865

C:\Program Files\Microchip\xc8\v2.32\pic\sources\c90\common\sprcmul.c estimated size: 865

C:\Program Files\Microchip\xc8\v2.32\pic\sources\c90\common\sprcdiv.c
		___fldiv       		CODE           	029A	0000	477

C:\Program Files\Microchip\xc8\v2.32\pic\sources\c90\common\sprcdiv.c estimated size: 477

lcd.c
		_lcd_cmd       		CODE           	0960	0000	16
		_lcd_dat       		CODE           	0970	0000	16
		_lcd_wr        		CODE           	0948	0000	6
		_lcd_str       		CODE           	09B7	0000	34
		_lcd_init      		CODE           	0A7D	0000	54

lcd.c estimated size: 126

C:\Program Files\Microchip\xc8\v2.32\pic\sources\c90\common\lwdiv.c
		___lwdiv       		CODE           	0B65	0000	68

C:\Program Files\Microchip\xc8\v2.32\pic\sources\c90\common\lwdiv.c estimated size: 68

C:\Program Files\Microchip\xc8\v2.32\pic\sources\c90\common\awdiv.c
		___awdiv       		CODE           	0BFE	0000	103

C:\Program Files\Microchip\xc8\v2.32\pic\sources\c90\common\awdiv.c estimated size: 103

C:\Program Files\Microchip\xc8\v2.32\pic\sources\c90\common\Umul16.c
		___wmul        		CODE           	09FD	0000	37

C:\Program Files\Microchip\xc8\v2.32\pic\sources\c90\common\Umul16.c estimated size: 37

main.c
		_controleMaximoMinimo		CODE           	099B	0000	28
		_escrever      		CODE           	0980	0000	27
		_atualizaDisplay		CODE           	0F02	0000	254
		_main          		CODE           	00D9	0000	449
		_controlarLcd  		CODE           	0B24	0000	65
		_iniciarLcd    		CODE           	09D9	0000	36
		_controlarSetPoint		CODE           	0BA9	0000	85

main.c estimated size: 944

C:\Program Files\Microchip\xc8\v2.32\pic\sources\c90\common\fltol.c
		___fltol       		CODE           	0C65	0000	124

C:\Program Files\Microchip\xc8\v2.32\pic\sources\c90\common\fltol.c estimated size: 124

C:\Program Files\Microchip\xc8\v2.32\pic\sources\c90\common\aldiv.c
		___aldiv       		CODE           	0CE1	0000	157

C:\Program Files\Microchip\xc8\v2.32\pic\sources\c90\common\aldiv.c estimated size: 157

